#
# There is insufficient memory for the Java Runtime Environment to continue.
# Native memory allocation (malloc) failed to allocate 268976 bytes. Error detail: Chunk::new
# Possible reasons:
#   The system is out of physical RAM or swap space
#   This process is running with CompressedOops enabled, and the Java Heap may be blocking the growth of the native heap
# Possible solutions:
#   Reduce memory load on the system
#   Increase physical memory or swap space
#   Check if swap backing store is full
#   Decrease Java heap size (-Xmx/-Xms)
#   Decrease number of Java threads
#   Decrease Java thread stack sizes (-Xss)
#   Set larger code cache with -XX:ReservedCodeCacheSize=
#   JVM is running with Unscaled Compressed Oops mode in which the Java heap is
#     placed in the first 4GB address space. The Java Heap base address is the
#     maximum limit for the native heap growth. Please use -XX:HeapBaseMinAddress
#     to set the Java Heap base and to place the Java Heap above 4GB virtual address.
# This output file may be truncated or incomplete.
#
#  Out of Memory Error (arena.cpp:168), pid=30072, tid=26112
#
# JRE version: OpenJDK Runtime Environment Temurin-21.0.11+10 (21.0.11+10) (build 21.0.11+10-LTS)
# Java VM: OpenJDK 64-Bit Server VM Temurin-21.0.11+10 (21.0.11+10-LTS, mixed mode, sharing, tiered, compressed oops, compressed class ptrs, parallel gc, windows-amd64)
# No core dump will be written. Minidumps are not enabled by default on client versions of Windows
#

---------------  S U M M A R Y ------------

Command Line: --add-modules=ALL-SYSTEM --add-opens=java.base/java.util=ALL-UNNAMED --add-opens=java.base/java.lang=ALL-UNNAMED --add-opens=java.base/sun.nio.fs=ALL-UNNAMED -Declipse.application=org.eclipse.jdt.ls.core.id1 -Dosgi.bundles.defaultStartLevel=4 -Declipse.product=org.eclipse.jdt.ls.core.product -Djava.import.generatesMetadataFilesAtProjectRoot=false -DDetectVMInstallationsJob.disabled=true -Dfile.encoding=utf8 -XX:+UseParallelGC -XX:GCTimeRatio=4 -XX:AdaptiveSizePolicyWeight=90 -Dsun.zip.disableMemoryMapping=true -Xmx2G -Xms100m -Xlog:disable -javaagent:c:\Users\ASUS\.vscode\extensions\redhat.java-1.55.0-win32-x64\lombok\lombok-1.18.39-4050.jar -XX:+HeapDumpOnOutOfMemoryError -XX:HeapDumpPath=c:\Users\ASUS\AppData\Roaming\Code\User\workspaceStorage\46e596b724e0db73749093d1c1a48440\redhat.java -Daether.dependencyCollector.impl=bf c:\Users\ASUS\.vscode\extensions\redhat.java-1.55.0-win32-x64\server\plugins\org.eclipse.equinox.launcher_1.7.200.v20260619-2039.jar -configuration c:\Users\ASUS\AppData\Roaming\Code\User\globalStorage\redhat.java\1.55.0\config_win -data c:\Users\ASUS\AppData\Roaming\Code\User\workspaceStorage\46e596b724e0db73749093d1c1a48440\redhat.java\jdt_ws --pipe=\\.\pipe\lsp-3bbaa32c52dce9b80bec63c7dc29972c-sock

Host: AMD Ryzen 9 8945H w/ Radeon 780M Graphics      , 16 cores, 15G,  Windows 11 , 64 bit Build 26100 (10.0.26100.8875)
Time: Wed Jul 22 13:11:46 2026 SE Asia Standard Time elapsed time: 13.509087 seconds (0d 0h 0m 13s)

---------------  T H R E A D  ---------------

Current thread (0x000001690ac70880):  JavaThread "C2 CompilerThread2" daemon [_thread_in_native, id=26112, stack(0x0000000854a00000,0x0000000854b00000) (1024K)]


Current CompileTask:
C2:13509 7160       4       org.gradle.api.internal.classpath.DefaultModuleRegistry$DefaultModule::collectRequiredModules (99 bytes)

Stack: [0x0000000854a00000,0x0000000854b00000]
Native frames: (J=compiled Java code, j=interpreted, Vv=VM code, C=native code)
V  [jvm.dll+0x6d7e19]
V  [jvm.dll+0x8b5096]
V  [jvm.dll+0x8b764e]
V  [jvm.dll+0x8b7d33]
V  [jvm.dll+0x284596]
V  [jvm.dll+0xc685d]
V  [jvm.dll+0xc6da1]
V  [jvm.dll+0x2fb4ee]
V  [jvm.dll+0x5fe9a4]
V  [jvm.dll+0x255d67]
V  [jvm.dll+0x24ddab]
V  [jvm.dll+0x24bbe6]
V  [jvm.dll+0x1cb4ae]
V  [jvm.dll+0x25baad]
V  [jvm.dll+0x25a03a]
V  [jvm.dll+0x3f868e]
V  [jvm.dll+0x85fb0d]
V  [jvm.dll+0x6d664d]
C  [ucrtbase.dll+0x2cd30]
C  [KERNEL32.DLL+0x2e957]
C  [ntdll.dll+0xaad6c]


---------------  P R O C E S S  ---------------

Threads class SMR info:
_java_thread_list=0x000001690bb03c80, length=62, elements={
0x00000168a806ffe0, 0x00000168aa5b5fb0, 0x00000168aa5b6720, 0x00000168aa5b98f0,
0x00000168aa5bf780, 0x00000168aa5c5890, 0x00000168aa5c62f0, 0x00000168aa5c7130,
0x00000169033cf3a0, 0x0000016903495b60, 0x0000016903652d70, 0x00000169036bb2b0,
0x00000169090d0b60, 0x000001690977e930, 0x000001690967b520, 0x0000016909a01f80,
0x0000016909430180, 0x000001690a065710, 0x000001690a3889b0, 0x000001690a1833b0,
0x0000016909fa0dd0, 0x000001690a02e170, 0x000001690914a3c0, 0x0000016909cdee40,
0x000001690b461d10, 0x000001690ac70880, 0x0000016909cdf4d0, 0x0000016909cde120,
0x0000016909cdfb60, 0x0000016909ce0f10, 0x0000016909ce01f0, 0x0000016909ce0880,
0x0000016909cdda90, 0x000001690ba9af80, 0x000001690ba9dd70, 0x000001690ba9a8f0,
0x000001690ba9c9c0, 0x000001690ba9e400, 0x000001690ba9ea90, 0x000001690ba9c330,
0x000001690ba9b610, 0x000001690ba9d050, 0x000001690ba9f120, 0x000001690ba9bca0,
0x000001690ba9f7b0, 0x000001690baa0b60, 0x000001690ba9fe40, 0x000001690baa04d0,
0x000001690ba9d6e0, 0x000001690baa11f0, 0x000001690baa1880, 0x000001690baa1f10,
0x000001690c7d1720, 0x000001690c7d0370, 0x000001690c7d0a00, 0x000001690c7cfce0,
0x000001690c7cf650, 0x000001690c7d2440, 0x000001690364ce60, 0x000001690c7d2ad0,
0x000001690c7d3e80, 0x000001690c7d1090
}

Java Threads: ( => current thread )
  0x00000168a806ffe0 JavaThread "main"                              [_thread_blocked, id=10524, stack(0x0000000852200000,0x0000000852300000) (1024K)]
  0x00000168aa5b5fb0 JavaThread "Reference Handler"          daemon [_thread_blocked, id=24432, stack(0x0000000852600000,0x0000000852700000) (1024K)]
  0x00000168aa5b6720 JavaThread "Finalizer"                  daemon [_thread_blocked, id=28020, stack(0x0000000852700000,0x0000000852800000) (1024K)]
  0x00000168aa5b98f0 JavaThread "Signal Dispatcher"          daemon [_thread_blocked, id=29180, stack(0x0000000852800000,0x0000000852900000) (1024K)]
  0x00000168aa5bf780 JavaThread "Attach Listener"            daemon [_thread_blocked, id=25888, stack(0x0000000852900000,0x0000000852a00000) (1024K)]
  0x00000168aa5c5890 JavaThread "Service Thread"             daemon [_thread_blocked, id=26728, stack(0x0000000852a00000,0x0000000852b00000) (1024K)]
  0x00000168aa5c62f0 JavaThread "Monitor Deflation Thread"   daemon [_thread_blocked, id=30020, stack(0x0000000852b00000,0x0000000852c00000) (1024K)]
  0x00000168aa5c7130 JavaThread "C2 CompilerThread0"         daemon [_thread_in_native, id=22868, stack(0x0000000852c00000,0x0000000852d00000) (1024K)]
  0x00000169033cf3a0 JavaThread "C1 CompilerThread0"         daemon [_thread_blocked, id=9688, stack(0x0000000852d00000,0x0000000852e00000) (1024K)]
  0x0000016903495b60 JavaThread "C1 CompilerThread1"         daemon [_thread_blocked, id=11496, stack(0x0000000852e00000,0x0000000852f00000) (1024K)]
  0x0000016903652d70 JavaThread "Common-Cleaner"             daemon [_thread_blocked, id=25144, stack(0x0000000853000000,0x0000000853100000) (1024K)]
  0x00000169036bb2b0 JavaThread "C1 CompilerThread2"         daemon [_thread_blocked, id=25296, stack(0x0000000853100000,0x0000000853200000) (1024K)]
  0x00000169090d0b60 JavaThread "Notification Thread"        daemon [_thread_blocked, id=8076, stack(0x0000000853300000,0x0000000853400000) (1024K)]
  0x000001690977e930 JavaThread "Active Thread: Equinox Container: 80ba555f-2226-46aa-a5c5-f9468456a440"        [_thread_blocked, id=17200, stack(0x0000000853c00000,0x0000000853d00000) (1024K)]
  0x000001690967b520 JavaThread "Refresh Thread: Equinox Container: 80ba555f-2226-46aa-a5c5-f9468456a440" daemon [_thread_blocked, id=29224, stack(0x0000000853e00000,0x0000000853f00000) (1024K)]
  0x0000016909a01f80 JavaThread "Framework Event Dispatcher: Equinox Container: 80ba555f-2226-46aa-a5c5-f9468456a440" daemon [_thread_blocked, id=11780, stack(0x0000000853f00000,0x0000000854000000) (1024K)]
  0x0000016909430180 JavaThread "Start Level: Equinox Container: 80ba555f-2226-46aa-a5c5-f9468456a440" daemon [_thread_blocked, id=29504, stack(0x0000000854000000,0x0000000854100000) (1024K)]
  0x000001690a065710 JavaThread "Bundle File Closer"         daemon [_thread_blocked, id=11196, stack(0x0000000854300000,0x0000000854400000) (1024K)]
  0x000001690a3889b0 JavaThread "SCR Component Actor"        daemon [_thread_blocked, id=29832, stack(0x0000000852f00000,0x0000000853000000) (1024K)]
  0x000001690a1833b0 JavaThread "C2 CompilerThread1"         daemon [_thread_in_native, id=30260, stack(0x0000000853200000,0x0000000853300000) (1024K)]
  0x0000016909fa0dd0 JavaThread "Worker-JM"                         [_thread_blocked, id=30604, stack(0x0000000854600000,0x0000000854700000) (1024K)]
  0x000001690a02e170 JavaThread "JNA Cleaner"                daemon [_thread_blocked, id=1520, stack(0x0000000854500000,0x0000000854600000) (1024K)]
  0x000001690914a3c0 JavaThread "Worker-0"                          [_thread_blocked, id=13796, stack(0x0000000854700000,0x0000000854800000) (1024K)]
  0x0000016909cdee40 JavaThread "Worker-1"                          [_thread_blocked, id=5232, stack(0x0000000854800000,0x0000000854900000) (1024K)]
  0x000001690b461d10 JavaThread "C1 CompilerThread3"         daemon [_thread_blocked, id=26952, stack(0x0000000854900000,0x0000000854a00000) (1024K)]
=>0x000001690ac70880 JavaThread "C2 CompilerThread2"         daemon [_thread_in_native, id=26112, stack(0x0000000854a00000,0x0000000854b00000) (1024K)]
  0x0000016909cdf4d0 JavaThread "Java indexing"              daemon [_thread_blocked, id=1200, stack(0x0000000854b00000,0x0000000854c00000) (1024K)]
  0x0000016909cde120 JavaThread "Worker-2"                          [_thread_blocked, id=26724, stack(0x0000000854e00000,0x0000000854f00000) (1024K)]
  0x0000016909cdfb60 JavaThread "Worker-3"                          [_thread_blocked, id=14312, stack(0x0000000854f00000,0x0000000855000000) (1024K)]
  0x0000016909ce0f10 JavaThread "Worker-4: Synchronize Gradle projects with workspace"        [_thread_blocked, id=8084, stack(0x0000000855000000,0x0000000855100000) (1024K)]
  0x0000016909ce01f0 JavaThread "Worker-5: Initialize Workspace"        [_thread_in_native, id=1872, stack(0x0000000855100000,0x0000000855200000) (1024K)]
  0x0000016909ce0880 JavaThread "Worker-6"                          [_thread_blocked, id=26844, stack(0x0000000855200000,0x0000000855300000) (1024K)]
  0x0000016909cdda90 JavaThread "Thread-1"                   daemon [_thread_in_native, id=25300, stack(0x0000000855300000,0x0000000855400000) (1024K)]
  0x000001690ba9af80 JavaThread "Thread-2"                   daemon [_thread_in_native, id=9332, stack(0x0000000855400000,0x0000000855500000) (1024K)]
  0x000001690ba9dd70 JavaThread "Thread-3"                   daemon [_thread_in_native, id=21924, stack(0x0000000855500000,0x0000000855600000) (1024K)]
  0x000001690ba9a8f0 JavaThread "Thread-4"                   daemon [_thread_in_native, id=23304, stack(0x0000000855600000,0x0000000855700000) (1024K)]
  0x000001690ba9c9c0 JavaThread "Thread-5"                   daemon [_thread_in_native, id=24636, stack(0x0000000855700000,0x0000000855800000) (1024K)]
  0x000001690ba9e400 JavaThread "Thread-6"                   daemon [_thread_in_native, id=20416, stack(0x0000000855800000,0x0000000855900000) (1024K)]
  0x000001690ba9ea90 JavaThread "Thread-7"                   daemon [_thread_in_native, id=5904, stack(0x0000000855900000,0x0000000855a00000) (1024K)]
  0x000001690ba9c330 JavaThread "Thread-8"                   daemon [_thread_in_native, id=22016, stack(0x0000000855a00000,0x0000000855b00000) (1024K)]
  0x000001690ba9b610 JavaThread "Thread-9"                   daemon [_thread_in_native, id=18456, stack(0x0000000855b00000,0x0000000855c00000) (1024K)]
  0x000001690ba9d050 JavaThread "Thread-10"                  daemon [_thread_in_native, id=13808, stack(0x0000000855c00000,0x0000000855d00000) (1024K)]
  0x000001690ba9f120 JavaThread "Thread-11"                  daemon [_thread_in_native, id=6532, stack(0x0000000855d00000,0x0000000855e00000) (1024K)]
  0x000001690ba9bca0 JavaThread "Thread-12"                  daemon [_thread_in_native, id=29892, stack(0x0000000855e00000,0x0000000855f00000) (1024K)]
  0x000001690ba9f7b0 JavaThread "Thread-13"                  daemon [_thread_in_native, id=18092, stack(0x0000000855f00000,0x0000000856000000) (1024K)]
  0x000001690baa0b60 JavaThread "Thread-14"                  daemon [_thread_in_native, id=19420, stack(0x0000000856000000,0x0000000856100000) (1024K)]
  0x000001690ba9fe40 JavaThread "Thread-15"                  daemon [_thread_in_native, id=29712, stack(0x0000000856100000,0x0000000856200000) (1024K)]
  0x000001690baa04d0 JavaThread "Thread-16"                  daemon [_thread_in_native, id=9692, stack(0x0000000856200000,0x0000000856300000) (1024K)]
  0x000001690ba9d6e0 JavaThread "Thread-17"                  daemon [_thread_in_native, id=3776, stack(0x0000000856300000,0x0000000856400000) (1024K)]
  0x000001690baa11f0 JavaThread "pool-2-thread-1"                   [_thread_blocked, id=27912, stack(0x0000000856400000,0x0000000856500000) (1024K)]
  0x000001690baa1880 JavaThread "Timer-1"                           [_thread_blocked, id=9768, stack(0x0000000856500000,0x0000000856600000) (1024K)]
  0x000001690baa1f10 JavaThread "Timer-0"                           [_thread_blocked, id=15104, stack(0x0000000856600000,0x0000000856700000) (1024K)]
  0x000001690c7d1720 JavaThread "Timer-2"                           [_thread_blocked, id=14088, stack(0x0000000856700000,0x0000000856800000) (1024K)]
  0x000001690c7d0370 JavaThread "Timer-3"                           [_thread_blocked, id=4864, stack(0x0000000856800000,0x0000000856900000) (1024K)]
  0x000001690c7d0a00 JavaThread "Timer-4"                           [_thread_blocked, id=25252, stack(0x0000000856900000,0x0000000856a00000) (1024K)]
  0x000001690c7cfce0 JavaThread "WorkspaceEventsHandler"            [_thread_blocked, id=30508, stack(0x0000000856a00000,0x0000000856b00000) (1024K)]
  0x000001690c7cf650 JavaThread "pool-1-thread-1"                   [_thread_blocked, id=19968, stack(0x0000000856b00000,0x0000000856c00000) (1024K)]
  0x000001690c7d2440 JavaThread "Connection worker"                 [_thread_in_native, id=16088, stack(0x0000000856d00000,0x0000000856e00000) (1024K)]
  0x000001690364ce60 JavaThread "C2 CompilerThread3"         daemon [_thread_blocked, id=24512, stack(0x0000000856e00000,0x0000000856f00000) (1024K)]
  0x000001690c7d2ad0 JavaThread "PatternSearchJob-worker-1"  daemon [_thread_blocked, id=12604, stack(0x0000000856c00000,0x0000000856d00000) (1024K)]
  0x000001690c7d3e80 JavaThread "PatternSearchJob-worker-2"  daemon [_thread_blocked, id=26376, stack(0x0000000856f00000,0x0000000857000000) (1024K)]
  0x000001690c7d1090 JavaThread "ProjectImportProgressReporter" daemon [_thread_blocked, id=26736, stack(0x0000000857000000,0x0000000857100000) (1024K)]
Total: 62

Other Threads:
  0x00000168aa5b14b0 VMThread "VM Thread"                           [id=22096, stack(0x0000000852500000,0x0000000852600000) (1024K)]
  0x00000168aa692c30 WatcherThread "VM Periodic Task Thread"        [id=24628, stack(0x0000000852400000,0x0000000852500000) (1024K)]
  0x00000168aa641eb0 WorkerThread "GC Thread#0"                     [id=18828, stack(0x0000000852300000,0x0000000852400000) (1024K)]
  0x00000169099bc7a0 WorkerThread "GC Thread#1"                     [id=12996, stack(0x0000000853600000,0x0000000853700000) (1024K)]
  0x000001690926f520 WorkerThread "GC Thread#2"                     [id=25280, stack(0x0000000853700000,0x0000000853800000) (1024K)]
  0x00000169097ab0f0 WorkerThread "GC Thread#3"                     [id=26228, stack(0x0000000853800000,0x0000000853900000) (1024K)]
  0x00000169096b7bc0 WorkerThread "GC Thread#4"                     [id=12664, stack(0x0000000853900000,0x0000000853a00000) (1024K)]
  0x00000169096b8780 WorkerThread "GC Thread#5"                     [id=29028, stack(0x0000000853a00000,0x0000000853b00000) (1024K)]
  0x00000169090941e0 WorkerThread "GC Thread#6"                     [id=9020, stack(0x0000000853b00000,0x0000000853c00000) (1024K)]
  0x0000016909982690 WorkerThread "GC Thread#7"                     [id=12720, stack(0x0000000853d00000,0x0000000853e00000) (1024K)]
  0x0000016909d6d160 WorkerThread "GC Thread#8"                     [id=26300, stack(0x0000000853500000,0x0000000853600000) (1024K)]
  0x000001690990cb00 WorkerThread "GC Thread#9"                     [id=25844, stack(0x0000000854100000,0x0000000854200000) (1024K)]
  0x0000016909ce2a50 WorkerThread "GC Thread#10"                    [id=13204, stack(0x0000000854200000,0x0000000854300000) (1024K)]
  0x0000016909883f90 WorkerThread "GC Thread#11"                    [id=13852, stack(0x0000000853400000,0x0000000853500000) (1024K)]
  0x00000169098846f0 WorkerThread "GC Thread#12"                    [id=3028, stack(0x0000000854400000,0x0000000854500000) (1024K)]
Total: 15

Threads with active compile tasks:
C2 CompilerThread0  13553 7154       4       java.lang.String::split (242 bytes)
C2 CompilerThread1  13553 7168       4       sun.nio.fs.WindowsNativeDispatcher::asNativeBuffer (103 bytes)
C2 CompilerThread2  13553 7160       4       org.gradle.api.internal.classpath.DefaultModuleRegistry$DefaultModule::collectRequiredModules (99 bytes)
Total: 3

VM state: not at safepoint (normal execution)

VM Mutex/Monitor currently owned by a thread: None

Heap address: 0x0000000080000000, size: 2048 MB, Compressed Oops mode: 32-bit

CDS archive(s) mapped at: [0x00000168c1000000-0x00000168c1ba0000-0x00000168c1ba0000), size 12189696, SharedBaseAddress: 0x00000168c1000000, ArchiveRelocationMode: 1.
Compressed class space mapped at: 0x00000168c2000000-0x0000016902000000, reserved size: 1073741824
Narrow klass base: 0x00000168c1000000, Narrow klass shift: 0, Narrow klass range: 0x100000000

GC Precious Log:
 CardTable entry size: 512
 CPUs: 16 total, 16 available
 Memory: 15661M
 Large Page Support: Disabled
 NUMA Support: Disabled
 Compressed Oops: Enabled (32-bit)
 Alignments: Space 512K, Generation 512K, Heap 2M
 Heap Min Capacity: 100M
 Heap Initial Capacity: 100M
 Heap Max Capacity: 2G
 Pre-touch: Disabled
 Parallel Workers: 13

Heap:
 PSYoungGen      total 23040K, used 3972K [0x00000000d5580000, 0x00000000d7600000, 0x0000000100000000)
  eden space 22016K, 15% used [0x00000000d5580000,0x00000000d58c91f0,0x00000000d6b00000)
  from space 1024K, 59% used [0x00000000d7500000,0x00000000d7598000,0x00000000d7600000)
  to   space 1024K, 0% used [0x00000000d7400000,0x00000000d7400000,0x00000000d7500000)
 ParOldGen       total 68608K, used 49878K [0x0000000080000000, 0x0000000084300000, 0x00000000d5580000)
  object space 68608K, 72% used [0x0000000080000000,0x00000000830b5878,0x0000000084300000)
 Metaspace       used 57124K, committed 58368K, reserved 1114112K
  class space    used 6900K, committed 7488K, reserved 1048576K

Card table byte_map: [0x00000168a9fc0000,0x00000168aa3d0000] _byte_map_base: 0x00000168a9bc0000

Marking Bits: (ParMarkBitMap*) 0x00007ff9a7514460
 Begin Bits: [0x00000168bcad0000, 0x00000168bead0000)
 End Bits:   [0x00000168bead0000, 0x00000168c0ad0000)

Polling page: 0x00000168a8380000

Metaspace:

Usage:
  Non-class:     49.05 MB used.
      Class:      6.74 MB used.
       Both:     55.79 MB used.

Virtual space:
  Non-class space:       64.00 MB reserved,      49.69 MB ( 78%) committed,  1 nodes.
      Class space:        1.00 GB reserved,       7.31 MB ( <1%) committed,  1 nodes.
             Both:        1.06 GB reserved,      57.00 MB (  5%) committed. 

Chunk freelists:
   Non-Class:  13.95 MB
       Class:  8.66 MB
        Both:  22.61 MB

MaxMetaspaceSize: unlimited
CompressedClassSpaceSize: 1.00 GB
Initial GC threshold: 21.00 MB
Current GC threshold: 58.38 MB
CDS: on
 - commit_granule_bytes: 65536.
 - commit_granule_words: 8192.
 - virtual_space_node_default_size: 8388608.
 - enlarge_chunks_in_place: 1.
 - use_allocation_guard: 0.


Internal statistics:

num_allocs_failed_limit: 8.
num_arena_births: 1030.
num_arena_deaths: 14.
num_vsnodes_births: 2.
num_vsnodes_deaths: 0.
num_space_committed: 912.
num_space_uncommitted: 0.
num_chunks_returned_to_freelist: 22.
num_chunks_taken_from_freelist: 3712.
num_chunk_merges: 14.
num_chunk_splits: 2263.
num_chunks_enlarged: 1267.
num_inconsistent_stats: 0.

CodeHeap 'non-profiled nmethods': size=119168Kb used=4198Kb max_used=4198Kb free=114969Kb
 bounds [0x00000168b53c0000, 0x00000168b57e0000, 0x00000168bc820000]
CodeHeap 'profiled nmethods': size=119104Kb used=13682Kb max_used=13682Kb free=105421Kb
 bounds [0x00000168ad820000, 0x00000168ae580000, 0x00000168b4c70000]
CodeHeap 'non-nmethods': size=7488Kb used=3077Kb max_used=3149Kb free=4410Kb
 bounds [0x00000168b4c70000, 0x00000168b4fa0000, 0x00000168b53c0000]
CodeCache: size=245760Kb, used=20957Kb, max_used=21029Kb, free=224800Kb
 total_blobs=7285, nmethods=6603, adapters=585, full_count=0
Compilation: enabled, stopped_count=0, restarted_count=0

Compilation events (20 events):
Event: 13.485 Thread 0x0000016903495b60 7150  s    3       java.util.Properties::load (20 bytes)
Event: 13.485 Thread 0x00000169033cf3a0 7151       3       java.util.Properties$LineReader::<init> (38 bytes)
Event: 13.485 Thread 0x000001690b461d10 7152   !   3       java.io.RandomAccessFile::close (69 bytes)
Event: 13.485 Thread 0x00000169033cf3a0 nmethod 7151 0x00000168ae577c90 code [0x00000168ae577e40, 0x00000168ae578130]
Event: 13.486 Thread 0x0000016903495b60 nmethod 7150 0x00000168ae578210 code [0x00000168ae578400, 0x00000168ae578818]
Event: 13.486 Thread 0x0000016903495b60 7153       3       org.gradle.api.internal.classpath.DefaultModuleRegistry::split (34 bytes)
Event: 13.486 Thread 0x00000168aa5c7130 7154       4       java.lang.String::split (242 bytes)
Event: 13.486 Thread 0x000001690b461d10 nmethod 7152 0x00000168ae578990 code [0x00000168ae578b80, 0x00000168ae579078]
Event: 13.486 Thread 0x000001690ac70880 7155       4       java.lang.StringConcatHelper::checkOverflow (17 bytes)
Event: 13.486 Thread 0x0000016903495b60 nmethod 7153 0x00000168ae579210 code [0x00000168ae579440, 0x00000168ae579af8]
Event: 13.487 Thread 0x000001690ac70880 nmethod 7155 0x00000168b57c6a90 code [0x00000168b57c6c20, 0x00000168b57c6ca8]
Event: 13.487 Thread 0x000001690ac70880 7157       4       java.util.LinkedHashMap::keysToArray (80 bytes)
Event: 13.488 Thread 0x000001690a1833b0 nmethod 7147 0x00000168b57c6d90 code [0x00000168b57c6f80, 0x00000168b57c7460]
Event: 13.488 Thread 0x000001690a1833b0 7156       4       java.util.HashSet::iterator (13 bytes)
Event: 13.490 Thread 0x000001690b461d10 7158       3       java.lang.StringConcatHelper::mix (27 bytes)
Event: 13.490 Thread 0x000001690b461d10 nmethod 7158 0x00000168ae579d90 code [0x00000168ae579f60, 0x00000168ae57a340]
Event: 13.494 Thread 0x000001690ac70880 nmethod 7157 0x00000168b57c7910 code [0x00000168b57c7aa0, 0x00000168b57c7d50]
Event: 13.495 Thread 0x000001690ac70880 7160       4       org.gradle.api.internal.classpath.DefaultModuleRegistry$DefaultModule::collectRequiredModules (99 bytes)
Event: 13.497 Thread 0x000001690364ce60 nmethod 6888 0x00000168b57c7e90 code [0x00000168b57c8aa0, 0x00000168b57d17d8]
Event: 13.503 Thread 0x000001690364ce60 7159       4       org.gradle.api.internal.classpath.DefaultModuleRegistry::getModule (38 bytes)

GC Heap History (20 events):
Event: 9.645 GC heap before
{Heap before GC invocations=20 (full 2):
 PSYoungGen      total 24576K, used 24564K [0x00000000d5580000, 0x00000000d8000000, 0x0000000100000000)
  eden space 22016K, 100% used [0x00000000d5580000,0x00000000d6b00000,0x00000000d6b00000)
  from space 2560K, 99% used [0x00000000d6b00000,0x00000000d6d7d1b8,0x00000000d6d80000)
  to   space 10752K, 0% used [0x00000000d7580000,0x00000000d7580000,0x00000000d8000000)
 ParOldGen       total 68608K, used 27285K [0x0000000080000000, 0x0000000084300000, 0x00000000d5580000)
  object space 68608K, 39% used [0x0000000080000000,0x0000000081aa5578,0x0000000084300000)
 Metaspace       used 44431K, committed 45632K, reserved 1114112K
  class space    used 4972K, committed 5504K, reserved 1048576K
}
Event: 9.649 GC heap after
{Heap after GC invocations=20 (full 2):
 PSYoungGen      total 23040K, used 1024K [0x00000000d5580000, 0x00000000d7680000, 0x0000000100000000)
  eden space 22016K, 0% used [0x00000000d5580000,0x00000000d5580000,0x00000000d6b00000)
  from space 1024K, 100% used [0x00000000d7580000,0x00000000d7680000,0x00000000d7680000)
  to   space 4096K, 0% used [0x00000000d6e80000,0x00000000d6e80000,0x00000000d7280000)
 ParOldGen       total 68608K, used 29735K [0x0000000080000000, 0x0000000084300000, 0x00000000d5580000)
  object space 68608K, 43% used [0x0000000080000000,0x0000000081d09f88,0x0000000084300000)
 Metaspace       used 44431K, committed 45632K, reserved 1114112K
  class space    used 4972K, committed 5504K, reserved 1048576K
}
Event: 10.427 GC heap before
{Heap before GC invocations=21 (full 2):
 PSYoungGen      total 23040K, used 23040K [0x00000000d5580000, 0x00000000d7680000, 0x0000000100000000)
  eden space 22016K, 100% used [0x00000000d5580000,0x00000000d6b00000,0x00000000d6b00000)
  from space 1024K, 100% used [0x00000000d7580000,0x00000000d7680000,0x00000000d7680000)
  to   space 4096K, 0% used [0x00000000d6e80000,0x00000000d6e80000,0x00000000d7280000)
 ParOldGen       total 68608K, used 29735K [0x0000000080000000, 0x0000000084300000, 0x00000000d5580000)
  object space 68608K, 43% used [0x0000000080000000,0x0000000081d09f88,0x0000000084300000)
 Metaspace       used 46657K, committed 47872K, reserved 1114112K
  class space    used 5311K, committed 5888K, reserved 1048576K
}
Event: 10.432 GC heap after
{Heap after GC invocations=21 (full 2):
 PSYoungGen      total 26112K, used 1504K [0x00000000d5580000, 0x00000000d7600000, 0x0000000100000000)
  eden space 22016K, 0% used [0x00000000d5580000,0x00000000d5580000,0x00000000d6b00000)
  from space 4096K, 36% used [0x00000000d6e80000,0x00000000d6ff8000,0x00000000d7280000)
  to   space 2048K, 0% used [0x00000000d7400000,0x00000000d7400000,0x00000000d7600000)
 ParOldGen       total 68608K, used 30551K [0x0000000080000000, 0x0000000084300000, 0x00000000d5580000)
  object space 68608K, 44% used [0x0000000080000000,0x0000000081dd5c88,0x0000000084300000)
 Metaspace       used 46657K, committed 47872K, reserved 1114112K
  class space    used 5311K, committed 5888K, reserved 1048576K
}
Event: 10.967 GC heap before
{Heap before GC invocations=22 (full 2):
 PSYoungGen      total 26112K, used 23517K [0x00000000d5580000, 0x00000000d7600000, 0x0000000100000000)
  eden space 22016K, 99% used [0x00000000d5580000,0x00000000d6aff5f8,0x00000000d6b00000)
  from space 4096K, 36% used [0x00000000d6e80000,0x00000000d6ff8000,0x00000000d7280000)
  to   space 2048K, 0% used [0x00000000d7400000,0x00000000d7400000,0x00000000d7600000)
 ParOldGen       total 68608K, used 30551K [0x0000000080000000, 0x0000000084300000, 0x00000000d5580000)
  object space 68608K, 44% used [0x0000000080000000,0x0000000081dd5c88,0x0000000084300000)
 Metaspace       used 48641K, committed 49856K, reserved 1114112K
  class space    used 5587K, committed 6144K, reserved 1048576K
}
Event: 10.972 GC heap after
{Heap after GC invocations=22 (full 2):
 PSYoungGen      total 23552K, used 1344K [0x00000000d5580000, 0x00000000d7580000, 0x0000000100000000)
  eden space 22016K, 0% used [0x00000000d5580000,0x00000000d5580000,0x00000000d6b00000)
  from space 1536K, 87% used [0x00000000d7400000,0x00000000d7550000,0x00000000d7580000)
  to   space 1536K, 0% used [0x00000000d7280000,0x00000000d7280000,0x00000000d7400000)
 ParOldGen       total 68608K, used 31831K [0x0000000080000000, 0x0000000084300000, 0x00000000d5580000)
  object space 68608K, 46% used [0x0000000080000000,0x0000000081f15c98,0x0000000084300000)
 Metaspace       used 48641K, committed 49856K, reserved 1114112K
  class space    used 5587K, committed 6144K, reserved 1048576K
}
Event: 11.469 GC heap before
{Heap before GC invocations=23 (full 2):
 PSYoungGen      total 23552K, used 23360K [0x00000000d5580000, 0x00000000d7580000, 0x0000000100000000)
  eden space 22016K, 100% used [0x00000000d5580000,0x00000000d6b00000,0x00000000d6b00000)
  from space 1536K, 87% used [0x00000000d7400000,0x00000000d7550000,0x00000000d7580000)
  to   space 1536K, 0% used [0x00000000d7280000,0x00000000d7280000,0x00000000d7400000)
 ParOldGen       total 68608K, used 31831K [0x0000000080000000, 0x0000000084300000, 0x00000000d5580000)
  object space 68608K, 46% used [0x0000000080000000,0x0000000081f15c98,0x0000000084300000)
 Metaspace       used 48972K, committed 50112K, reserved 1114112K
  class space    used 5618K, committed 6144K, reserved 1048576K
}
Event: 11.471 GC heap after
{Heap after GC invocations=23 (full 2):
 PSYoungGen      total 23040K, used 768K [0x00000000d5580000, 0x00000000d7480000, 0x0000000100000000)
  eden space 22016K, 0% used [0x00000000d5580000,0x00000000d5580000,0x00000000d6b00000)
  from space 1024K, 75% used [0x00000000d7280000,0x00000000d7340000,0x00000000d7380000)
  to   space 1024K, 0% used [0x00000000d7380000,0x00000000d7380000,0x00000000d7480000)
 ParOldGen       total 68608K, used 32839K [0x0000000080000000, 0x0000000084300000, 0x00000000d5580000)
  object space 68608K, 47% used [0x0000000080000000,0x0000000082011eb8,0x0000000084300000)
 Metaspace       used 48972K, committed 50112K, reserved 1114112K
  class space    used 5618K, committed 6144K, reserved 1048576K
}
Event: 11.903 GC heap before
{Heap before GC invocations=24 (full 2):
 PSYoungGen      total 23040K, used 22150K [0x00000000d5580000, 0x00000000d7480000, 0x0000000100000000)
  eden space 22016K, 97% used [0x00000000d5580000,0x00000000d6a61bb8,0x00000000d6b00000)
  from space 1024K, 75% used [0x00000000d7280000,0x00000000d7340000,0x00000000d7380000)
  to   space 1024K, 0% used [0x00000000d7380000,0x00000000d7380000,0x00000000d7480000)
 ParOldGen       total 68608K, used 32839K [0x0000000080000000, 0x0000000084300000, 0x00000000d5580000)
  object space 68608K, 47% used [0x0000000080000000,0x0000000082011eb8,0x0000000084300000)
 Metaspace       used 48978K, committed 50112K, reserved 1114112K
  class space    used 5618K, committed 6144K, reserved 1048576K
}
Event: 11.905 GC heap after
{Heap after GC invocations=24 (full 2):
 PSYoungGen      total 23040K, used 1014K [0x00000000d5580000, 0x00000000d7480000, 0x0000000100000000)
  eden space 22016K, 0% used [0x00000000d5580000,0x00000000d5580000,0x00000000d6b00000)
  from space 1024K, 99% used [0x00000000d7380000,0x00000000d747d998,0x00000000d7480000)
  to   space 3072K, 0% used [0x00000000d6e80000,0x00000000d6e80000,0x00000000d7180000)
 ParOldGen       total 68608K, used 34511K [0x0000000080000000, 0x0000000084300000, 0x00000000d5580000)
  object space 68608K, 50% used [0x0000000080000000,0x00000000821b3ea8,0x0000000084300000)
 Metaspace       used 48978K, committed 50112K, reserved 1114112K
  class space    used 5618K, committed 6144K, reserved 1048576K
}
Event: 12.231 GC heap before
{Heap before GC invocations=25 (full 2):
 PSYoungGen      total 23040K, used 23030K [0x00000000d5580000, 0x00000000d7480000, 0x0000000100000000)
  eden space 22016K, 100% used [0x00000000d5580000,0x00000000d6b00000,0x00000000d6b00000)
  from space 1024K, 99% used [0x00000000d7380000,0x00000000d747d998,0x00000000d7480000)
  to   space 3072K, 0% used [0x00000000d6e80000,0x00000000d6e80000,0x00000000d7180000)
 ParOldGen       total 68608K, used 34511K [0x0000000080000000, 0x0000000084300000, 0x00000000d5580000)
  object space 68608K, 50% used [0x0000000080000000,0x00000000821b3ea8,0x0000000084300000)
 Metaspace       used 49614K, committed 50816K, reserved 1114112K
  class space    used 5757K, committed 6336K, reserved 1048576K
}
Event: 12.233 GC heap after
{Heap after GC invocations=25 (full 2):
 PSYoungGen      total 25088K, used 3069K [0x00000000d5580000, 0x00000000d7500000, 0x0000000100000000)
  eden space 22016K, 0% used [0x00000000d5580000,0x00000000d5580000,0x00000000d6b00000)
  from space 3072K, 99% used [0x00000000d6e80000,0x00000000d717f4e8,0x00000000d7180000)
  to   space 3584K, 0% used [0x00000000d7180000,0x00000000d7180000,0x00000000d7500000)
 ParOldGen       total 68608K, used 36019K [0x0000000080000000, 0x0000000084300000, 0x00000000d5580000)
  object space 68608K, 52% used [0x0000000080000000,0x000000008232ccf8,0x0000000084300000)
 Metaspace       used 49614K, committed 50816K, reserved 1114112K
  class space    used 5757K, committed 6336K, reserved 1048576K
}
Event: 12.581 GC heap before
{Heap before GC invocations=26 (full 2):
 PSYoungGen      total 25088K, used 25085K [0x00000000d5580000, 0x00000000d7500000, 0x0000000100000000)
  eden space 22016K, 100% used [0x00000000d5580000,0x00000000d6b00000,0x00000000d6b00000)
  from space 3072K, 99% used [0x00000000d6e80000,0x00000000d717f4e8,0x00000000d7180000)
  to   space 3584K, 0% used [0x00000000d7180000,0x00000000d7180000,0x00000000d7500000)
 ParOldGen       total 68608K, used 36019K [0x0000000080000000, 0x0000000084300000, 0x00000000d5580000)
  object space 68608K, 52% used [0x0000000080000000,0x000000008232ccf8,0x0000000084300000)
 Metaspace       used 52092K, committed 53376K, reserved 1114112K
  class space    used 6166K, committed 6784K, reserved 1048576K
}
Event: 12.583 GC heap after
{Heap after GC invocations=26 (full 2):
 PSYoungGen      total 23040K, used 880K [0x00000000d5580000, 0x00000000d7280000, 0x0000000100000000)
  eden space 22016K, 0% used [0x00000000d5580000,0x00000000d5580000,0x00000000d6b00000)
  from space 1024K, 85% used [0x00000000d7180000,0x00000000d725c010,0x00000000d7280000)
  to   space 2560K, 0% used [0x00000000d6d80000,0x00000000d6d80000,0x00000000d7000000)
 ParOldGen       total 68608K, used 39057K [0x0000000080000000, 0x0000000084300000, 0x00000000d5580000)
  object space 68608K, 56% used [0x0000000080000000,0x0000000082624400,0x0000000084300000)
 Metaspace       used 52092K, committed 53376K, reserved 1114112K
  class space    used 6166K, committed 6784K, reserved 1048576K
}
Event: 12.764 GC heap before
{Heap before GC invocations=27 (full 2):
 PSYoungGen      total 23040K, used 22896K [0x00000000d5580000, 0x00000000d7280000, 0x0000000100000000)
  eden space 22016K, 100% used [0x00000000d5580000,0x00000000d6b00000,0x00000000d6b00000)
  from space 1024K, 85% used [0x00000000d7180000,0x00000000d725c010,0x00000000d7280000)
  to   space 2560K, 0% used [0x00000000d6d80000,0x00000000d6d80000,0x00000000d7000000)
 ParOldGen       total 68608K, used 39057K [0x0000000080000000, 0x0000000084300000, 0x00000000d5580000)
  object space 68608K, 56% used [0x0000000080000000,0x0000000082624400,0x0000000084300000)
 Metaspace       used 53263K, committed 54528K, reserved 1114112K
  class space    used 6376K, committed 6976K, reserved 1048576K
}
Event: 12.768 GC heap after
{Heap after GC invocations=27 (full 2):
 PSYoungGen      total 24576K, used 2552K [0x00000000d5580000, 0x00000000d8100000, 0x0000000100000000)
  eden space 22016K, 0% used [0x00000000d5580000,0x00000000d5580000,0x00000000d6b00000)
  from space 2560K, 99% used [0x00000000d6d80000,0x00000000d6ffe1b0,0x00000000d7000000)
  to   space 11264K, 0% used [0x00000000d7600000,0x00000000d7600000,0x00000000d8100000)
 ParOldGen       total 68608K, used 45975K [0x0000000080000000, 0x0000000084300000, 0x00000000d5580000)
  object space 68608K, 67% used [0x0000000080000000,0x0000000082ce5cf8,0x0000000084300000)
 Metaspace       used 53263K, committed 54528K, reserved 1114112K
  class space    used 6376K, committed 6976K, reserved 1048576K
}
Event: 13.007 GC heap before
{Heap before GC invocations=28 (full 2):
 PSYoungGen      total 24576K, used 24568K [0x00000000d5580000, 0x00000000d8100000, 0x0000000100000000)
  eden space 22016K, 100% used [0x00000000d5580000,0x00000000d6b00000,0x00000000d6b00000)
  from space 2560K, 99% used [0x00000000d6d80000,0x00000000d6ffe1b0,0x00000000d7000000)
  to   space 11264K, 0% used [0x00000000d7600000,0x00000000d7600000,0x00000000d8100000)
 ParOldGen       total 68608K, used 45975K [0x0000000080000000, 0x0000000084300000, 0x00000000d5580000)
  object space 68608K, 67% used [0x0000000080000000,0x0000000082ce5cf8,0x0000000084300000)
 Metaspace       used 55201K, committed 56512K, reserved 1114112K
  class space    used 6629K, committed 7232K, reserved 1048576K
}
Event: 13.009 GC heap after
{Heap after GC invocations=28 (full 2):
 PSYoungGen      total 23040K, used 736K [0x00000000d5580000, 0x00000000d7700000, 0x0000000100000000)
  eden space 22016K, 0% used [0x00000000d5580000,0x00000000d5580000,0x00000000d6b00000)
  from space 1024K, 71% used [0x00000000d7600000,0x00000000d76b8020,0x00000000d7700000)
  to   space 4096K, 0% used [0x00000000d6f00000,0x00000000d6f00000,0x00000000d7300000)
 ParOldGen       total 68608K, used 48494K [0x0000000080000000, 0x0000000084300000, 0x00000000d5580000)
  object space 68608K, 70% used [0x0000000080000000,0x0000000082f5b848,0x0000000084300000)
 Metaspace       used 55201K, committed 56512K, reserved 1114112K
  class space    used 6629K, committed 7232K, reserved 1048576K
}
Event: 13.343 GC heap before
{Heap before GC invocations=29 (full 2):
 PSYoungGen      total 23040K, used 22752K [0x00000000d5580000, 0x00000000d7700000, 0x0000000100000000)
  eden space 22016K, 100% used [0x00000000d5580000,0x00000000d6b00000,0x00000000d6b00000)
  from space 1024K, 71% used [0x00000000d7600000,0x00000000d76b8020,0x00000000d7700000)
  to   space 4096K, 0% used [0x00000000d6f00000,0x00000000d6f00000,0x00000000d7300000)
 ParOldGen       total 68608K, used 48494K [0x0000000080000000, 0x0000000084300000, 0x00000000d5580000)
  object space 68608K, 70% used [0x0000000080000000,0x0000000082f5b848,0x0000000084300000)
 Metaspace       used 56973K, committed 58240K, reserved 1114112K
  class space    used 6885K, committed 7488K, reserved 1048576K
}
Event: 13.344 GC heap after
{Heap after GC invocations=29 (full 2):
 PSYoungGen      total 26112K, used 1088K [0x00000000d5580000, 0x00000000d7680000, 0x0000000100000000)
  eden space 22016K, 0% used [0x00000000d5580000,0x00000000d5580000,0x00000000d6b00000)
  from space 4096K, 26% used [0x00000000d6f00000,0x00000000d7010000,0x00000000d7300000)
  to   space 1536K, 0% used [0x00000000d7500000,0x00000000d7500000,0x00000000d7680000)
 ParOldGen       total 68608K, used 48990K [0x0000000080000000, 0x0000000084300000, 0x00000000d5580000)
  object space 68608K, 71% used [0x0000000080000000,0x0000000082fd7878,0x0000000084300000)
 Metaspace       used 56973K, committed 58240K, reserved 1114112K
  class space    used 6885K, committed 7488K, reserved 1048576K
}

Dll operation events (14 events):
Event: 0.015 Loaded shared library c:\Users\ASUS\.vscode\extensions\redhat.java-1.55.0-win32-x64\jre\21.0.11-win32-x86_64\bin\java.dll
Event: 0.100 Loaded shared library c:\Users\ASUS\.vscode\extensions\redhat.java-1.55.0-win32-x64\jre\21.0.11-win32-x86_64\bin\zip.dll
Event: 0.130 Loaded shared library C:\Users\ASUS\.vscode\extensions\redhat.java-1.55.0-win32-x64\jre\21.0.11-win32-x86_64\bin\instrument.dll
Event: 0.137 Loaded shared library C:\Users\ASUS\.vscode\extensions\redhat.java-1.55.0-win32-x64\jre\21.0.11-win32-x86_64\bin\net.dll
Event: 0.141 Loaded shared library C:\Users\ASUS\.vscode\extensions\redhat.java-1.55.0-win32-x64\jre\21.0.11-win32-x86_64\bin\nio.dll
Event: 0.146 Loaded shared library C:\Users\ASUS\.vscode\extensions\redhat.java-1.55.0-win32-x64\jre\21.0.11-win32-x86_64\bin\zip.dll
Event: 0.173 Loaded shared library C:\Users\ASUS\.vscode\extensions\redhat.java-1.55.0-win32-x64\jre\21.0.11-win32-x86_64\bin\jimage.dll
Event: 0.282 Loaded shared library c:\Users\ASUS\.vscode\extensions\redhat.java-1.55.0-win32-x64\jre\21.0.11-win32-x86_64\bin\verify.dll
Event: 1.904 Loaded shared library C:\Users\ASUS\AppData\Roaming\Code\User\globalStorage\redhat.java\1.55.0\config_win\org.eclipse.equinox.launcher\org.eclipse.equinox.launcher.win32.win32.x86_64_1.3.100.v20260613-0559\eclipse_11924.dll
Event: 5.753 Loaded shared library C:\Users\ASUS\AppData\Local\Temp\jna-2018896\jna1078664072675075849.dll
Event: 9.720 Loaded shared library C:\Users\ASUS\.gradle\native\c067742578af261105cb4f569cf0c3c89f3d7b1fecec35dd04571415982c5e48\windows-amd64\native-platform.dll
Event: 12.431 Loaded shared library C:\Users\ASUS\.vscode\extensions\redhat.java-1.55.0-win32-x64\jre\21.0.11-win32-x86_64\bin\management.dll
Event: 12.435 Loaded shared library C:\Users\ASUS\.vscode\extensions\redhat.java-1.55.0-win32-x64\jre\21.0.11-win32-x86_64\bin\management_ext.dll
Event: 12.926 Loaded shared library C:\Users\ASUS\.gradle\native\1def1411415f61bf3af743bc5b6707747c0891f09f0c88961ee8f79bc544acac\windows-amd64\native-platform.dll

Deoptimization events (20 events):
Event: 13.161 Thread 0x0000016909ce01f0 DEOPT PACKING pc=0x00000168b5757bd4 sp=0x00000008551fdeb0
Event: 13.161 Thread 0x0000016909ce01f0 DEOPT UNPACKING pc=0x00000168b4cc6da2 sp=0x00000008551fde60 mode 2
Event: 13.180 Thread 0x0000016909ce01f0 Uncommon trap: trap_request=0xffffff45 fr.pc=0x00000168b56e2f04 relative=0x0000000000000824
Event: 13.180 Thread 0x0000016909ce01f0 Uncommon trap: reason=unstable_if action=reinterpret pc=0x00000168b56e2f04 method=java.util.regex.Pattern.newSlice([IIZ)Ljava/util/regex/Pattern$Node; @ 10 c2
Event: 13.180 Thread 0x0000016909ce01f0 DEOPT PACKING pc=0x00000168b56e2f04 sp=0x00000008551fe6d0
Event: 13.180 Thread 0x0000016909ce01f0 DEOPT UNPACKING pc=0x00000168b4cc6da2 sp=0x00000008551fe5d0 mode 2
Event: 13.181 Thread 0x0000016909ce01f0 Uncommon trap: trap_request=0xffffff45 fr.pc=0x00000168b54c54f4 relative=0x0000000000000334
Event: 13.181 Thread 0x0000016909ce01f0 Uncommon trap: reason=unstable_if action=reinterpret pc=0x00000168b54c54f4 method=java.util.regex.Pattern.newSlice([IIZ)Ljava/util/regex/Pattern$Node; @ 10 c2
Event: 13.181 Thread 0x0000016909ce01f0 DEOPT PACKING pc=0x00000168b54c54f4 sp=0x00000008551fe620
Event: 13.181 Thread 0x0000016909ce01f0 DEOPT UNPACKING pc=0x00000168b4cc6da2 sp=0x00000008551fe5c0 mode 2
Event: 13.200 Thread 0x000001690c7d2440 DEOPT PACKING pc=0x00000168ae39c89d sp=0x0000000856dfcc70
Event: 13.200 Thread 0x000001690c7d2440 DEOPT UNPACKING pc=0x00000168b4cc78e2 sp=0x0000000856dfc230 mode 0
Event: 13.213 Thread 0x000001690c7d2440 DEOPT PACKING pc=0x00000168ae39c89d sp=0x0000000856dfcc70
Event: 13.213 Thread 0x000001690c7d2440 DEOPT UNPACKING pc=0x00000168b4cc78e2 sp=0x0000000856dfc230 mode 0
Event: 13.290 Thread 0x0000016909ce01f0 DEOPT PACKING pc=0x00000168ae0b74e5 sp=0x00000008551fe8d0
Event: 13.290 Thread 0x0000016909ce01f0 DEOPT UNPACKING pc=0x00000168b4cc78e2 sp=0x00000008551fdd80 mode 0
Event: 13.318 Thread 0x0000016909ce01f0 DEOPT PACKING pc=0x00000168ae0b74e5 sp=0x00000008551fe8d0
Event: 13.318 Thread 0x0000016909ce01f0 DEOPT UNPACKING pc=0x00000168b4cc78e2 sp=0x00000008551fdd80 mode 0
Event: 13.333 Thread 0x0000016909ce01f0 DEOPT PACKING pc=0x00000168ae0b747d sp=0x00000008551fe8d0
Event: 13.333 Thread 0x0000016909ce01f0 DEOPT UNPACKING pc=0x00000168b4cc78e2 sp=0x00000008551fdd80 mode 0

Classes loaded (20 events):
Event: 13.177 Loading class java/nio/file/FileTreeWalker$1
Event: 13.177 Loading class java/nio/file/FileTreeWalker$1 done
Event: 13.177 Loading class java/nio/file/FileTreeWalker$DirectoryNode
Event: 13.177 Loading class java/nio/file/FileTreeWalker$DirectoryNode done
Event: 13.177 Loading class java/nio/file/FileTreeWalker$Event
Event: 13.178 Loading class java/nio/file/FileTreeWalker$Event done
Event: 13.178 Loading class java/nio/file/FileTreeWalker$EventType
Event: 13.178 Loading class java/nio/file/FileTreeWalker$EventType done
Event: 13.178 Loading class java/nio/file/Files$3
Event: 13.179 Loading class java/nio/file/Files$3 done
Event: 13.179 Loading class sun/nio/fs/Globs
Event: 13.180 Loading class sun/nio/fs/Globs done
Event: 13.180 Loading class java/util/regex/Pattern$SliceU
Event: 13.180 Loading class java/util/regex/Pattern$SliceU done
Event: 13.180 Loading class sun/nio/fs/WindowsFileSystem$2
Event: 13.180 Loading class java/nio/file/PathMatcher
Event: 13.180 Loading class java/nio/file/PathMatcher done
Event: 13.180 Loading class sun/nio/fs/WindowsFileSystem$2 done
Event: 13.181 Loading class java/nio/file/FileVisitResult
Event: 13.182 Loading class java/nio/file/FileVisitResult done

Classes unloaded (7 events):
Event: 6.456 Thread 0x00000168aa5b14b0 Unloading class 0x00000168c21acc00 'java/lang/invoke/LambdaForm$MH+0x00000168c21acc00'
Event: 6.456 Thread 0x00000168aa5b14b0 Unloading class 0x00000168c21ac800 'java/lang/invoke/LambdaForm$MH+0x00000168c21ac800'
Event: 6.456 Thread 0x00000168aa5b14b0 Unloading class 0x00000168c21ac400 'java/lang/invoke/LambdaForm$MH+0x00000168c21ac400'
Event: 6.456 Thread 0x00000168aa5b14b0 Unloading class 0x00000168c21ac000 'java/lang/invoke/LambdaForm$MH+0x00000168c21ac000'
Event: 6.456 Thread 0x00000168aa5b14b0 Unloading class 0x00000168c21abc00 'java/lang/invoke/LambdaForm$BMH+0x00000168c21abc00'
Event: 6.456 Thread 0x00000168aa5b14b0 Unloading class 0x00000168c21ab800 'java/lang/invoke/LambdaForm$DMH+0x00000168c21ab800'
Event: 6.456 Thread 0x00000168aa5b14b0 Unloading class 0x00000168c21aa400 'java/lang/invoke/LambdaForm$DMH+0x00000168c21aa400'

Classes redefined (0 events):
No events

Internal exceptions (20 events):
Event: 13.502 Thread 0x0000016909ce01f0 Exception <a 'sun/nio/fs/WindowsException'{0x00000000d69f7a40}> (0x00000000d69f7a40) 
thrown [s\src\hotspot\share\prims\jni.cpp, line 520]
Event: 13.502 Thread 0x0000016909ce01f0 Exception <a 'sun/nio/fs/WindowsException'{0x00000000d69f80d0}> (0x00000000d69f80d0) 
thrown [s\src\hotspot\share\prims\jni.cpp, line 520]
Event: 13.502 Thread 0x0000016909ce01f0 Exception <a 'sun/nio/fs/WindowsException'{0x00000000d69f8760}> (0x00000000d69f8760) 
thrown [s\src\hotspot\share\prims\jni.cpp, line 520]
Event: 13.502 Thread 0x0000016909ce01f0 Exception <a 'sun/nio/fs/WindowsException'{0x00000000d69f8e10}> (0x00000000d69f8e10) 
thrown [s\src\hotspot\share\prims\jni.cpp, line 520]
Event: 13.503 Thread 0x0000016909ce01f0 Exception <a 'sun/nio/fs/WindowsException'{0x00000000d6a26ab8}> (0x00000000d6a26ab8) 
thrown [s\src\hotspot\share\prims\jni.cpp, line 520]
Event: 13.503 Thread 0x0000016909ce01f0 Exception <a 'sun/nio/fs/WindowsException'{0x00000000d6a27150}> (0x00000000d6a27150) 
thrown [s\src\hotspot\share\prims\jni.cpp, line 520]
Event: 13.503 Thread 0x0000016909ce01f0 Exception <a 'sun/nio/fs/WindowsException'{0x00000000d6a277f8}> (0x00000000d6a277f8) 
thrown [s\src\hotspot\share\prims\jni.cpp, line 520]
Event: 13.503 Thread 0x0000016909ce01f0 Exception <a 'sun/nio/fs/WindowsException'{0x00000000d6a27eb0}> (0x00000000d6a27eb0) 
thrown [s\src\hotspot\share\prims\jni.cpp, line 520]
Event: 13.504 Thread 0x0000016909ce01f0 Exception <a 'sun/nio/fs/WindowsException'{0x00000000d6a2b340}> (0x00000000d6a2b340) 
thrown [s\src\hotspot\share\prims\jni.cpp, line 520]
Event: 13.504 Thread 0x0000016909ce01f0 Exception <a 'sun/nio/fs/WindowsException'{0x00000000d6a2b960}> (0x00000000d6a2b960) 
thrown [s\src\hotspot\share\prims\jni.cpp, line 520]
Event: 13.504 Thread 0x0000016909ce01f0 Exception <a 'sun/nio/fs/WindowsException'{0x00000000d6a2bf80}> (0x00000000d6a2bf80) 
thrown [s\src\hotspot\share\prims\jni.cpp, line 520]
Event: 13.504 Thread 0x0000016909ce01f0 Exception <a 'sun/nio/fs/WindowsException'{0x00000000d6a2c5b8}> (0x00000000d6a2c5b8) 
thrown [s\src\hotspot\share\prims\jni.cpp, line 520]
Event: 13.504 Thread 0x0000016909ce01f0 Exception <a 'sun/nio/fs/WindowsException'{0x00000000d6a2fc20}> (0x00000000d6a2fc20) 
thrown [s\src\hotspot\share\prims\jni.cpp, line 520]
Event: 13.505 Thread 0x0000016909ce01f0 Exception <a 'sun/nio/fs/WindowsException'{0x00000000d6a30270}> (0x00000000d6a30270) 
thrown [s\src\hotspot\share\prims\jni.cpp, line 520]
Event: 13.505 Thread 0x0000016909ce01f0 Exception <a 'sun/nio/fs/WindowsException'{0x00000000d6a308c0}> (0x00000000d6a308c0) 
thrown [s\src\hotspot\share\prims\jni.cpp, line 520]
Event: 13.505 Thread 0x0000016909ce01f0 Exception <a 'sun/nio/fs/WindowsException'{0x00000000d6a30f28}> (0x00000000d6a30f28) 
thrown [s\src\hotspot\share\prims\jni.cpp, line 520]
Event: 13.505 Thread 0x0000016909ce01f0 Exception <a 'sun/nio/fs/WindowsException'{0x00000000d6a89518}> (0x00000000d6a89518) 
thrown [s\src\hotspot\share\prims\jni.cpp, line 520]
Event: 13.505 Thread 0x0000016909ce01f0 Exception <a 'sun/nio/fs/WindowsException'{0x00000000d6a89b50}> (0x00000000d6a89b50) 
thrown [s\src\hotspot\share\prims\jni.cpp, line 520]
Event: 13.505 Thread 0x0000016909ce01f0 Exception <a 'sun/nio/fs/WindowsException'{0x00000000d6a8a198}> (0x00000000d6a8a198) 
thrown [s\src\hotspot\share\prims\jni.cpp, line 520]
Event: 13.505 Thread 0x0000016909ce01f0 Exception <a 'sun/nio/fs/WindowsException'{0x00000000d6a8a7f0}> (0x00000000d6a8a7f0) 
thrown [s\src\hotspot\share\prims\jni.cpp, line 520]

ZGC Phase Switch (0 events):
No events

VM Operations (20 events):
Event: 11.903 Executing safepoint VM operation: ParallelGCFailedAllocation (Allocation Failure)
Event: 11.905 Executing safepoint VM operation: ParallelGCFailedAllocation (Allocation Failure) done
Event: 12.231 Executing safepoint VM operation: ParallelGCFailedAllocation (Allocation Failure)
Event: 12.233 Executing safepoint VM operation: ParallelGCFailedAllocation (Allocation Failure) done
Event: 12.247 Executing non-safepoint VM operation: HandshakeAllThreads (Deoptimize)
Event: 12.247 Executing non-safepoint VM operation: HandshakeAllThreads (Deoptimize) done
Event: 12.581 Executing safepoint VM operation: ParallelGCFailedAllocation (Allocation Failure)
Event: 12.583 Executing safepoint VM operation: ParallelGCFailedAllocation (Allocation Failure) done
Event: 12.764 Executing safepoint VM operation: ParallelGCFailedAllocation (Allocation Failure)
Event: 12.768 Executing safepoint VM operation: ParallelGCFailedAllocation (Allocation Failure) done
Event: 12.779 Executing non-safepoint VM operation: HandshakeAllThreads (Deoptimize)
Event: 12.779 Executing non-safepoint VM operation: HandshakeAllThreads (Deoptimize) done
Event: 12.927 Executing non-safepoint VM operation: HandshakeAllThreads (Deoptimize)
Event: 12.927 Executing non-safepoint VM operation: HandshakeAllThreads (Deoptimize) done
Event: 13.007 Executing safepoint VM operation: ParallelGCFailedAllocation (Allocation Failure)
Event: 13.009 Executing safepoint VM operation: ParallelGCFailedAllocation (Allocation Failure) done
Event: 13.087 Executing non-safepoint VM operation: HandshakeAllThreads (Deoptimize)
Event: 13.087 Executing non-safepoint VM operation: HandshakeAllThreads (Deoptimize) done
Event: 13.343 Executing safepoint VM operation: ParallelGCFailedAllocation (Allocation Failure)
Event: 13.344 Executing safepoint VM operation: ParallelGCFailedAllocation (Allocation Failure) done

Memory protections (0 events):
No events

Nmethod flushes (20 events):
Event: 8.012 Thread 0x00000168aa5b14b0 flushing  nmethod 0x00000168adf04890
Event: 8.012 Thread 0x00000168aa5b14b0 flushing  nmethod 0x00000168adf05190
Event: 8.012 Thread 0x00000168aa5b14b0 flushing  nmethod 0x00000168adf06390
Event: 8.012 Thread 0x00000168aa5b14b0 flushing  nmethod 0x00000168adf06b90
Event: 8.012 Thread 0x00000168aa5b14b0 flushing  nmethod 0x00000168adf08890
Event: 8.012 Thread 0x00000168aa5b14b0 flushing  nmethod 0x00000168adf08d90
Event: 8.012 Thread 0x00000168aa5b14b0 flushing  nmethod 0x00000168adf09290
Event: 8.012 Thread 0x00000168aa5b14b0 flushing  nmethod 0x00000168adf09690
Event: 8.012 Thread 0x00000168aa5b14b0 flushing  nmethod 0x00000168adf09f10
Event: 8.012 Thread 0x00000168aa5b14b0 flushing  nmethod 0x00000168adf0aa90
Event: 8.012 Thread 0x00000168aa5b14b0 flushing  nmethod 0x00000168adf0bd10
Event: 8.012 Thread 0x00000168aa5b14b0 flushing  nmethod 0x00000168adf0ee90
Event: 8.012 Thread 0x00000168aa5b14b0 flushing  nmethod 0x00000168adf54410
Event: 8.012 Thread 0x00000168aa5b14b0 flushing  nmethod 0x00000168adf5ac90
Event: 8.012 Thread 0x00000168aa5b14b0 flushing  nmethod 0x00000168adf7be90
Event: 8.012 Thread 0x00000168aa5b14b0 flushing  nmethod 0x00000168adf91d10
Event: 8.012 Thread 0x00000168aa5b14b0 flushing  nmethod 0x00000168adf92210
Event: 8.012 Thread 0x00000168aa5b14b0 flushing  nmethod 0x00000168ae00bb10
Event: 8.012 Thread 0x00000168aa5b14b0 flushing  nmethod 0x00000168ae00c510
Event: 8.012 Thread 0x00000168aa5b14b0 flushing  nmethod 0x00000168ae039f90

Events (20 events):
Event: 7.801 Thread 0x00000168a806ffe0 Thread added: 0x000001690ba9f7b0
Event: 7.802 Thread 0x00000168a806ffe0 Thread added: 0x000001690baa0b60
Event: 7.802 Thread 0x00000168a806ffe0 Thread added: 0x000001690ba9fe40
Event: 7.803 Thread 0x00000168a806ffe0 Thread added: 0x000001690baa04d0
Event: 7.803 Thread 0x00000168a806ffe0 Thread added: 0x000001690ba9d6e0
Event: 7.855 Thread 0x00000168a806ffe0 Thread added: 0x000001690baa11f0
Event: 7.987 Thread 0x0000016909ce0f10 Thread added: 0x000001690baa1880
Event: 7.988 Thread 0x0000016909ce0880 Thread added: 0x000001690baa1f10
Event: 8.064 Thread 0x0000016909ce0f10 Thread added: 0x000001690c7d1720
Event: 8.068 Thread 0x0000016909ce0880 Thread added: 0x000001690c7d0370
Event: 8.223 Thread 0x0000016909ce0880 Thread added: 0x000001690c7d0a00
Event: 8.400 Thread 0x00000168a806ffe0 Thread added: 0x000001690c7cfce0
Event: 8.400 Thread 0x00000168a806ffe0 Thread added: 0x000001690c7cf650
Event: 8.417 Thread 0x0000016909ce0880 Thread added: 0x000001690c7d37f0
Event: 8.417 Thread 0x0000016909ce0f10 Thread added: 0x000001690c7d2440
Event: 12.201 Thread 0x000001690ac70880 Thread added: 0x000001690364ce60
Event: 12.778 Thread 0x000001690c7d37f0 Thread exited: 0x000001690c7d37f0
Event: 12.884 Thread 0x0000016909cde120 Thread added: 0x000001690c7d2ad0
Event: 12.886 Thread 0x000001690c7d2ad0 Thread added: 0x000001690c7d3e80
Event: 13.150 Thread 0x0000016909ce01f0 Thread added: 0x000001690c7d1090


Dynamic libraries:
0x00007ff749d80000 - 0x00007ff749d8e000 	c:\Users\ASUS\.vscode\extensions\redhat.java-1.55.0-win32-x64\jre\21.0.11-win32-x86_64\bin\java.exe
0x00007ffa3fb80000 - 0x00007ffa3fde6000 	C:\WINDOWS\SYSTEM32\ntdll.dll
0x00007ffa3e0e0000 - 0x00007ffa3e1a9000 	C:\WINDOWS\System32\KERNEL32.DLL
0x00007ffa3d1f0000 - 0x00007ffa3d5ee000 	C:\WINDOWS\System32\KERNELBASE.dll
0x00007ffa3d600000 - 0x00007ffa3d74c000 	C:\WINDOWS\System32\ucrtbase.dll
0x00007ffa34870000 - 0x00007ffa3488e000 	c:\Users\ASUS\.vscode\extensions\redhat.java-1.55.0-win32-x64\jre\21.0.11-win32-x86_64\bin\VCRUNTIME140.dll
0x00007ffa348f0000 - 0x00007ffa34908000 	c:\Users\ASUS\.vscode\extensions\redhat.java-1.55.0-win32-x64\jre\21.0.11-win32-x86_64\bin\jli.dll
0x00007ffa3e670000 - 0x00007ffa3e837000 	C:\WINDOWS\System32\USER32.dll
0x00007ffa2d8d0000 - 0x00007ffa2db62000 	C:\WINDOWS\WinSxS\amd64_microsoft.windows.common-controls_6595b64144ccf1df_6.0.26100.8894_none_3e0f749ee32e02ea\COMCTL32.dll
0x00007ffa3cda0000 - 0x00007ffa3cdc7000 	C:\WINDOWS\System32\win32u.dll
0x00007ffa3de40000 - 0x00007ffa3dee9000 	C:\WINDOWS\System32\msvcrt.dll
0x00007ffa3dd20000 - 0x00007ffa3dd4b000 	C:\WINDOWS\System32\GDI32.dll
0x00007ffa3d0c0000 - 0x00007ffa3d1ea000 	C:\WINDOWS\System32\gdi32full.dll
0x00007ffa3ce90000 - 0x00007ffa3cf33000 	C:\WINDOWS\System32\msvcp_win.dll
0x00007ffa3fb00000 - 0x00007ffa3fb32000 	C:\WINDOWS\System32\IMM32.DLL
0x00007ffa33c80000 - 0x00007ffa33c8c000 	c:\Users\ASUS\.vscode\extensions\redhat.java-1.55.0-win32-x64\jre\21.0.11-win32-x86_64\bin\vcruntime140_1.dll
0x00007ffa294a0000 - 0x00007ffa2952d000 	c:\Users\ASUS\.vscode\extensions\redhat.java-1.55.0-win32-x64\jre\21.0.11-win32-x86_64\bin\msvcp140.dll
0x00007ff9a6850000 - 0x00007ff9a75f2000 	c:\Users\ASUS\.vscode\extensions\redhat.java-1.55.0-win32-x64\jre\21.0.11-win32-x86_64\bin\server\jvm.dll
0x00007ffa3def0000 - 0x00007ffa3dfa7000 	C:\WINDOWS\System32\ADVAPI32.dll
0x00007ffa3ebe0000 - 0x00007ffa3ec8a000 	C:\WINDOWS\System32\sechost.dll
0x00007ffa3d940000 - 0x00007ffa3da58000 	C:\WINDOWS\System32\RPCRT4.dll
0x00007ffa3da80000 - 0x00007ffa3db00000 	C:\WINDOWS\System32\WS2_32.dll
0x00007ffa30130000 - 0x00007ffa30166000 	C:\WINDOWS\SYSTEM32\WINMM.dll
0x00007ffa3cc00000 - 0x00007ffa3cc5e000 	C:\WINDOWS\SYSTEM32\POWRPROF.dll
0x00007ffa34980000 - 0x00007ffa3498b000 	C:\WINDOWS\SYSTEM32\VERSION.dll
0x00007ffa3cbe0000 - 0x00007ffa3cbf4000 	C:\WINDOWS\SYSTEM32\UMPDC.dll
0x00007ffa3ba80000 - 0x00007ffa3ba9b000 	C:\WINDOWS\SYSTEM32\kernel.appcore.dll
0x00007ffa324b0000 - 0x00007ffa324ba000 	c:\Users\ASUS\.vscode\extensions\redhat.java-1.55.0-win32-x64\jre\21.0.11-win32-x86_64\bin\jimage.dll
0x00007ffa3a380000 - 0x00007ffa3a5c2000 	C:\WINDOWS\SYSTEM32\DBGHELP.DLL
0x00007ffa3eda0000 - 0x00007ffa3f123000 	C:\WINDOWS\System32\combase.dll
0x00007ffa3dd60000 - 0x00007ffa3de39000 	C:\WINDOWS\System32\OLEAUT32.dll
0x00007ffa1b170000 - 0x00007ffa1b1ab000 	C:\WINDOWS\SYSTEM32\dbgcore.DLL
0x00007ffa3d7f0000 - 0x00007ffa3d89c000 	C:\WINDOWS\System32\bcryptPrimitives.dll
0x00007ffa2ede0000 - 0x00007ffa2edef000 	c:\Users\ASUS\.vscode\extensions\redhat.java-1.55.0-win32-x64\jre\21.0.11-win32-x86_64\bin\instrument.dll
0x00007ffa2e5b0000 - 0x00007ffa2e5d0000 	c:\Users\ASUS\.vscode\extensions\redhat.java-1.55.0-win32-x64\jre\21.0.11-win32-x86_64\bin\java.dll
0x00007ffa3f310000 - 0x00007ffa3faa2000 	C:\WINDOWS\System32\SHELL32.dll
0x00007ffa3a840000 - 0x00007ffa3b0d2000 	C:\WINDOWS\SYSTEM32\windows.storage.dll
0x00007ffa3e920000 - 0x00007ffa3ea17000 	C:\WINDOWS\System32\SHCORE.dll
0x00007ffa3e070000 - 0x00007ffa3e0d7000 	C:\WINDOWS\System32\shlwapi.dll
0x00007ffa3ccc0000 - 0x00007ffa3cce9000 	C:\WINDOWS\SYSTEM32\profapi.dll
0x00007ffa2e400000 - 0x00007ffa2e418000 	c:\Users\ASUS\.vscode\extensions\redhat.java-1.55.0-win32-x64\jre\21.0.11-win32-x86_64\bin\zip.dll
0x00007ffa2ee60000 - 0x00007ffa2ee70000 	C:\Users\ASUS\.vscode\extensions\redhat.java-1.55.0-win32-x64\jre\21.0.11-win32-x86_64\bin\net.dll
0x00007ffa35750000 - 0x00007ffa35877000 	C:\WINDOWS\SYSTEM32\WINHTTP.dll
0x00007ffa3c030000 - 0x00007ffa3c09c000 	C:\WINDOWS\system32\mswsock.dll
0x00007ffa2d730000 - 0x00007ffa2d746000 	C:\Users\ASUS\.vscode\extensions\redhat.java-1.55.0-win32-x64\jre\21.0.11-win32-x86_64\bin\nio.dll
0x00007ffa2ebb0000 - 0x00007ffa2ebc0000 	c:\Users\ASUS\.vscode\extensions\redhat.java-1.55.0-win32-x64\jre\21.0.11-win32-x86_64\bin\verify.dll
0x00007ffa23ca0000 - 0x00007ffa23ce5000 	C:\Users\ASUS\AppData\Roaming\Code\User\globalStorage\redhat.java\1.55.0\config_win\org.eclipse.equinox.launcher\org.eclipse.equinox.launcher.win32.win32.x86_64_1.3.100.v20260613-0559\eclipse_11924.dll
0x00007ffa3ea20000 - 0x00007ffa3ebb9000 	C:\WINDOWS\System32\ole32.dll
0x00007ffa3c330000 - 0x00007ffa3c34b000 	C:\WINDOWS\SYSTEM32\CRYPTSP.dll
0x00007ffa3b9e0000 - 0x00007ffa3ba19000 	C:\WINDOWS\system32\rsaenh.dll
0x00007ffa3c0f0000 - 0x00007ffa3c122000 	C:\WINDOWS\SYSTEM32\USERENV.dll
0x00007ffa3cc90000 - 0x00007ffa3ccba000 	C:\WINDOWS\SYSTEM32\bcrypt.dll
0x00007ffa3c350000 - 0x00007ffa3c35c000 	C:\WINDOWS\SYSTEM32\CRYPTBASE.dll
0x00007ffa3b4e0000 - 0x00007ffa3b513000 	C:\WINDOWS\SYSTEM32\IPHLPAPI.DLL
0x00007ffa3dd10000 - 0x00007ffa3dd1a000 	C:\WINDOWS\System32\NSI.dll
0x00007ffa11540000 - 0x00007ffa11589000 	C:\Users\ASUS\AppData\Local\Temp\jna-2018896\jna1078664072675075849.dll
0x00007ffa3ed90000 - 0x00007ffa3ed98000 	C:\WINDOWS\System32\PSAPI.DLL
0x00007ffa35ee0000 - 0x00007ffa35efd000 	C:\WINDOWS\SYSTEM32\dhcpcsvc6.DLL
0x00007ffa35e10000 - 0x00007ffa35e35000 	C:\WINDOWS\SYSTEM32\dhcpcsvc.DLL
0x00007ffa29530000 - 0x00007ffa29557000 	C:\Users\ASUS\.gradle\native\c067742578af261105cb4f569cf0c3c89f3d7b1fecec35dd04571415982c5e48\windows-amd64\native-platform.dll
0x00007ffa2e810000 - 0x00007ffa2e81a000 	C:\Users\ASUS\.vscode\extensions\redhat.java-1.55.0-win32-x64\jre\21.0.11-win32-x86_64\bin\management.dll
0x00007ffa2e4e0000 - 0x00007ffa2e4ec000 	C:\Users\ASUS\.vscode\extensions\redhat.java-1.55.0-win32-x64\jre\21.0.11-win32-x86_64\bin\management_ext.dll
0x00007ffa29320000 - 0x00007ffa29347000 	C:\Users\ASUS\.gradle\native\1def1411415f61bf3af743bc5b6707747c0891f09f0c88961ee8f79bc544acac\windows-amd64\native-platform.dll

JVMTI agents:
c:\Users\ASUS\.vscode\extensions\redhat.java-1.55.0-win32-x64\lombok\lombok-1.18.39-4050.jar path:c:\Users\ASUS\.vscode\extensions\redhat.java-1.55.0-win32-x64\jre\21.0.11-win32-x86_64\bin\instrument.dll, loaded, initialized, instrumentlib options:none

dbghelp: loaded successfully - version: 4.0.5 - missing functions: none
symbol engine: initialized successfully - sym options: 0x614 - pdb path: .;c:\Users\ASUS\.vscode\extensions\redhat.java-1.55.0-win32-x64\jre\21.0.11-win32-x86_64\bin;C:\WINDOWS\SYSTEM32;C:\WINDOWS\WinSxS\amd64_microsoft.windows.common-controls_6595b64144ccf1df_6.0.26100.8894_none_3e0f749ee32e02ea;c:\Users\ASUS\.vscode\extensions\redhat.java-1.55.0-win32-x64\jre\21.0.11-win32-x86_64\bin\server;C:\Users\ASUS\AppData\Roaming\Code\User\globalStorage\redhat.java\1.55.0\config_win\org.eclipse.equinox.launcher\org.eclipse.equinox.launcher.win32.win32.x86_64_1.3.100.v20260613-0559;C:\Users\ASUS\AppData\Local\Temp\jna-2018896;C:\Users\ASUS\.gradle\native\c067742578af261105cb4f569cf0c3c89f3d7b1fecec35dd04571415982c5e48\windows-amd64;C:\Users\ASUS\.gradle\native\1def1411415f61bf3af743bc5b6707747c0891f09f0c88961ee8f79bc544acac\windows-amd64

VM Arguments:
jvm_args: --add-modules=ALL-SYSTEM --add-opens=java.base/java.util=ALL-UNNAMED --add-opens=java.base/java.lang=ALL-UNNAMED --add-opens=java.base/sun.nio.fs=ALL-UNNAMED -Declipse.application=org.eclipse.jdt.ls.core.id1 -Dosgi.bundles.defaultStartLevel=4 -Declipse.product=org.eclipse.jdt.ls.core.product -Djava.import.generatesMetadataFilesAtProjectRoot=false -DDetectVMInstallationsJob.disabled=true -Dfile.encoding=utf8 -XX:+UseParallelGC -XX:GCTimeRatio=4 -XX:AdaptiveSizePolicyWeight=90 -Dsun.zip.disableMemoryMapping=true -Xmx2G -Xms100m -Xlog:disable -javaagent:c:\Users\ASUS\.vscode\extensions\redhat.java-1.55.0-win32-x64\lombok\lombok-1.18.39-4050.jar -XX:+HeapDumpOnOutOfMemoryError -XX:HeapDumpPath=c:\Users\ASUS\AppData\Roaming\Code\User\workspaceStorage\46e596b724e0db73749093d1c1a48440\redhat.java -Daether.dependencyCollector.impl=bf 
java_command: c:\Users\ASUS\.vscode\extensions\redhat.java-1.55.0-win32-x64\server\plugins\org.eclipse.equinox.launcher_1.7.200.v20260619-2039.jar -configuration c:\Users\ASUS\AppData\Roaming\Code\User\globalStorage\redhat.java\1.55.0\config_win -data c:\Users\ASUS\AppData\Roaming\Code\User\workspaceStorage\46e596b724e0db73749093d1c1a48440\redhat.java\jdt_ws --pipe=\\.\pipe\lsp-3bbaa32c52dce9b80bec63c7dc29972c-sock
java_class_path (initial): c:\Users\ASUS\.vscode\extensions\redhat.java-1.55.0-win32-x64\server\plugins\org.eclipse.equinox.launcher_1.7.200.v20260619-2039.jar
Launcher Type: SUN_STANDARD

[Global flags]
    uintx AdaptiveSizePolicyWeight                 = 90                                        {product} {command line}
     intx CICompilerCount                          = 12                                        {product} {ergonomic}
    uintx GCTimeRatio                              = 4                                         {product} {command line}
     bool HeapDumpOnOutOfMemoryError               = true                                   {manageable} {command line}
    ccstr HeapDumpPath                             = c:\Users\ASUS\AppData\Roaming\Code\User\workspaceStorage\46e596b724e0db73749093d1c1a48440\redhat.java         {manageable} {command line}
   size_t InitialHeapSize                          = 104857600                                 {product} {command line}
   size_t MaxHeapSize                              = 2147483648                                {product} {command line}
   size_t MaxNewSize                               = 715653120                                 {product} {ergonomic}
   size_t MinHeapDeltaBytes                        = 524288                                    {product} {ergonomic}
   size_t MinHeapSize                              = 104857600                                 {product} {command line}
   size_t NewSize                                  = 34603008                                  {product} {ergonomic}
    uintx NonNMethodCodeHeapSize                   = 7602480                                {pd product} {ergonomic}
    uintx NonProfiledCodeHeapSize                  = 122027880                              {pd product} {ergonomic}
   size_t OldSize                                  = 70254592                                  {product} {ergonomic}
    uintx ProfiledCodeHeapSize                     = 122027880                              {pd product} {ergonomic}
    uintx ReservedCodeCacheSize                    = 251658240                              {pd product} {ergonomic}
     bool SegmentedCodeCache                       = true                                      {product} {ergonomic}
   size_t SoftMaxHeapSize                          = 2147483648                             {manageable} {ergonomic}
     bool UseCompressedOops                        = true                           {product lp64_product} {ergonomic}
     bool UseLargePagesIndividualAllocation        = false                                  {pd product} {ergonomic}
     bool UseParallelGC                            = true                                      {product} {command line}

Logging:
Log output configuration:
 #0: stdout all=off uptime,level,tags foldmultilines=false
 #1: stderr all=off uptime,level,tags foldmultilines=false

Release file:
JAVA_VERSION="21.0.11" 
MODULES="java.base java.compiler java.datatransfer java.xml java.prefs java.desktop java.instrument java.logging java.management java.security.sasl java.naming java.rmi java.management.rmi java.net.http java.scripting java.security.jgss java.transaction.xa java.sql java.sql.rowset java.xml.crypto java.se java.smartcardio jdk.accessibility jdk.internal.jvmstat jdk.attach jdk.charsets jdk.internal.opt jdk.zipfs jdk.compiler jdk.crypto.ec jdk.crypto.cryptoki jdk.crypto.mscapi jdk.dynalink jdk.internal.ed jdk.editpad jdk.hotspot.agent jdk.httpserver jdk.internal.le jdk.internal.vm.ci jdk.internal.vm.compiler jdk.internal.vm.compiler.management jdk.jartool jdk.javadoc jdk.jcmd jdk.management jdk.management.agent jdk.jconsole jdk.jdeps jdk.jdwp.agent jdk.jdi jdk.jfr jdk.jshell jdk.jsobject jdk.jstatd jdk.localedata jdk.management.jfr jdk.naming.dns jdk.naming.rmi jdk.net jdk.nio.mapmode jdk.random jdk.sctp jdk.security.auth jdk.security.jgss jdk.unsupported jdk.unsupported.desktop jdk.xml.dom" 

Environment Variables:
PATH=C:\Program Files\Eclipse Adoptium\jdk-25.0.2.10-hotspot\bin;C:\Program Files\Microsoft MPI\Bin\;C:\Program Files (x86)\Common Files\Intel\Shared Libraries\redist\intel64\compiler;C:\WINDOWS\system32;C:\WINDOWS;C:\WINDOWS\System32\Wbem;C:\WINDOWS\System32\WindowsPowerShell\v1.0\;C:\WINDOWS\System32\OpenSSH\;C:\Program Files (x86)\NVIDIA Corporation\PhysX\Common;C:\Program Files\NVIDIA Corporation\NVIDIA NvDLISR;C:\Program Files\dotnet\;C:\Program Files\nodejs\;C:\Program Files\Microsoft SQL Server\150\Tools\Binn\;C:\Program Files\Microsoft SQL Server\Client SDK\ODBC\170\Tools\Binn\;C:\Program Files\Git\cmd;C:\Program Files\GitHub CLI\;C:\xampp\php;C:\ProgramData\ComposerSetup\bin;C:\Program Files (x86)\Microsoft SQL Server\160\DTS\Binn\;C:\Program Files\Azure Data Studio\bin;C:\Program Files (x86)\Microsoft SQL Server\160\Tools\Binn\;C:\Program Files\Microsoft SQL Server\160\Tools\Binn\;C:\Program Files\Microsoft SQL Server\160\DTS\Binn\;C:\Program Files\Git LFS;C:\Program Files (x86)\Windows Kits\10\Windows Performance Toolkit\;C:\Users\ASUS\AppData\Roaming\Composer\vendor\bin;C:\Users\ASUS\AppData\Roaming\Composer\vendor\bin;C:\laragon\bin\php\php-8.3.32-Win32-vs16-x64;C:\laragon\bin\php\php-8.3.32-Win32-vs16-x64;c:\Users\ASUS\AppData\Local\Programs\Trae\bin;C:\Program Files\Microsoft MPI\Bin\;C:\Program Files (x86)\Common Files\Intel\Shared Libraries\redist\intel64\compiler;C:\WINDOWS\system32;C:\WINDOWS;C:\WINDOWS\System32\Wbem;C:\WINDOWS\System32\WindowsPowerShell\v1.0\;C:\WINDOWS\System32\OpenSSH\;C:\Program Files (x86)\NVIDIA Corporation\PhysX\Common;C:\Program Files\NVIDIA Corporation\NVIDIA NvDLISR;C:\Program Files\dotnet\;C:\Program Files\nodejs\;C:\Program Files\Microsoft SQL Server\150\Tools\Binn\;C:\Program Files\Microsoft SQL Server\Client SDK\ODBC\170\Tools\Binn\;C:\Program Files\Git\cmd;C:\Program Files\GitHub CLI\;C:\xampp\php;C:\ProgramData\ComposerSetup\bin;C:\Program Files (x86)\Microsoft SQL Server\160\DTS\Binn\;C:\Program Files\Azure Data Studio\bin;C:\Program Files (x86)\Microsoft SQL Server\160\Tools\Binn\;C:\Program Files\Microsoft SQL Server\160\Tools\Binn\;C:\Program Files\Microsoft SQL Server\160\DTS\Binn\;C:\Program Files\Git LFS;C:\Program Files (x86)\Windows Kits\10\Windows Performance Toolkit\;C:\Users\ASUS\AppData\Local\Programs\Python\Launcher\;C:\Users\ASUS\AppData\Local\Microsoft\WindowsApps;C:\Users\ASUS\AppData\Local\Programs\Microsoft VS Code\bin;C:\Users\ASUS\AppData\Roaming\npm;C:\Program Files\Git\bin;C:\Flutter\flutter\bin;C:\Users\ASUS\AppData\Roaming\Composer\vendor\bin;C:\Program Files\Azure Data Studio\bin;C:\Users\ASUS\AppData\Local\Python\bin;C:\Users\ASUS\AppData\Local\Programs\cursor\resources\app\bin;C:\Users\ASUS\AppData\Local\Programs\Antigravity\bin;C:\Users\ASUS\.dotnet\tools;C:\Program Files (x86)\Steam\ext\bin;C:\Users\ASUS\AppData\Local\Programs\Qoder\bin;C:\Users\ASUS\AppData\Local\Programs\Antigravity IDE\bin;C:\Users\ASUS\AppData\Local\Programs\Kiro\bin;C:\Users\ASUS\AppData\Local\Programs\Devin\bin;C:\Php\php-8.3.32-nts-Win32-vs16-x64;
USERNAME=ASUS
OS=Windows_NT
PROCESSOR_IDENTIFIER=AMD64 Family 25 Model 117 Stepping 2, AuthenticAMD
TMP=C:\Users\ASUS\AppData\Local\Temp
TEMP=C:\Users\ASUS\AppData\Local\Temp




Periodic native trim disabled

---------------  S Y S T E M  ---------------

OS:
 Windows 11 , 64 bit Build 26100 (10.0.26100.8875)
OS uptime: 0 days 2:48 hours
Hyper-V role detected

CPU: total 16 (initial active 16) (16 cores per cpu, 2 threads per core) family 25 model 117 stepping 2 microcode 0xa705206, cx8, cmov, fxsr, ht, mmx, 3dnowpref, sse, sse2, sse3, ssse3, sse4a, sse4.1, sse4.2, popcnt, lzcnt, tsc, tscinvbit, avx, avx2, aes, erms, clmul, bmi1, bmi2, adx, avx512f, avx512dq, avx512cd, avx512bw, avx512vl, sha, fma, vzeroupper, avx512_vpopcntdq, avx512_vpclmulqdq, avx512_vaes, avx512_vnni, clflush, clflushopt, avx512_vbmi2, avx512_vbmi, hv, rdtscp, rdpid, fsrm, gfni, avx512_bitalg, f16c, cet_ss, avx512_ifma
Processor Information for the first 16 processors :
  Max Mhz: 4001, Current Mhz: 2470, Mhz Limit: 4001

Memory: 4k page, system-wide physical 15661M (685M free)
TotalPageFile size 30586M (AvailPageFile size 465M)
current process WorkingSet (physical memory assigned to process): 304M, peak: 313M
current process commit charge ("private bytes"): 418M, peak: 437M

vm_info: OpenJDK 64-Bit Server VM (21.0.11+10-LTS) for windows-amd64 JRE (21.0.11+10-LTS), built on 2026-04-21T00:00:00Z by "admin" with MS VC++ 17.12 (VS2022)

END.
